tx: --- tests/makeotf_data/input/bug751.ufo
tx: (ufr) Warning: Encountered empty <string> for fontinfo key copyright. Skipping
tx: (ufr) Warning: Encountered empty <string> for fontinfo key trademark. Skipping
makeotf [Warning] Could not find default features file. Font will be built without any layout features.
makeotfexe processing font <Exercise1-Regular>
WARNING: Negative internal leading: win.ascent + win.descent < unitsPerEm
Built development mode font 'Exercise1-Regular.otf'.
