### Header (00000438-0000043b)
major  =1
minor  =0
hdrSize=4
offSize=2
