### [OS/2] (000001a0)
version           =4
averageWidth      =1000
weightClass       =400       (Normal/Regular)
widthClass        =5         (Medium/Normal (100% of normal))
type              =0000
subscriptXSize    =650
subscriptYSize    =600
subscriptXOffset  =0
subscriptYOffset  =75
superscriptXSize  =650
superscriptYSize  =600
superscriptXOffset=0
superscriptYOffset=350
strikeoutSize     =50
strikeoutPosition =220
familyClass       =0000       (class   =No Classification
                               subclass=No Classification)
panose            =0000000000 (Family Kind      (0)=Any
                               Serif Style      (0)=Any
                               Weight           (0)=Any
                               Proportion       (0)=Any
                               Contrast         (0)=Any
                               Stroke Variation (0)=Any
                               Arm Style        (0)=Any
                               Letterform       (0)=Any
                               Midline          (0)=Any
                               X-height         (0)=Any)
unicodeRange1     =ffffffff   (Basic Latin
                               Latin-1 Supplement
                               Latin Extended-A
                               Latin Extended-B
                               IPA Extensions
                               Spacing Modifier Letters
                               Combining Diacritical Marks
                               Greek and Coptic
                               Coptic
                               Cyrillic
                               Armenian
                               Hebrew
                               Vai
                               Arabic
                               NKo
                               Devanagari
                               Bengali
                               Gurmukhi
                               Gujarati
                               Oriya
                               Tamil
                               Telugu
                               Kannada
                               Malayalam
                               Thai
                               Lao
                               Georgian
                               Balinese
                               Hangul Jamo
                               Latin Extended Additional
                               Greek Extended
                               General Punctuation)
unicodeRange2     =ffffffff   (Superscripts and Subscripts
                               Currency Symbols
                               Combining Diacritical Marks for Symbols
                               Letterlike Symbols
                               Number Forms
                               Arrows
                               Mathematical Operators
                               Miscellaneous Technical
                               Control Pictures
                               Optical Character Recognition
                               Enclosed Alphanumerics
                               Box Drawing
                               Block Elements
                               Geometric Shapes
                               Miscellaneous Symbols
                               Dingbats
                               CJK Symbols and Punctuation
                               Hiragana
                               Katakana
                               Bopomofo
                               Hangul Compatibility Jamo
                               Phags-pa
                               Enclosed CJK Letters and Months
                               CJK Compatibility
                               Hangul Syllables
                               Non-Plane 0
                               Phoenician
                               CJK Unified Ideographs
                               Private Use Area (plane 0)
                               CJK Strokes
                               Alphabetic Presentation Forms
                               Arabic Presentation Forms-A)
unicodeRange3     =ffffffff   (Combining Half Marks
                               Vertical Forms
                               Small Form Variants
                               Arabic Presentation Forms-B
                               Halfwidth and Fullwidth Forms
                               Specials
                               Tibetan
                               Syriac
                               Thaana
                               Sinhala
                               Myanmar
                               Ethiopic
                               Cherokee
                               Unified Canadian Aboriginal Syllabics
                               Ogham
                               Runic
                               Khmer
                               Mongolian
                               Braille Patterns
                               Yi Syllables
                               Tagalog
                               Old Italic
                               Gothic
                               Deseret
                               Byzantine Musical Symbols
                               Mathematical Alphanumeric Symbols
                               Private Use (plane 15)
                               Variation Selectors
                               Tags
                               Limbu
                               Tai Le
                               New Tai Lue)
unicodeRange4     =07ffffff   (Buginese
                               Glagolitic
                               Tifinagh
                               Yijing Hexagram Symbols
                               Syloti Nagri
                               Linear B Syllabary
                               Ancient Greek Numbers
                               Ugaritic
                               Old Persian
                               Shavian
                               Osmanya
                               Cypriot Syllabary
                               Kharoshthi
                               Tai Xuan Jing Symbols
                               Cuneiform
                               Counting Rod Numerals
                               Sundanese
                               Lepcha
                               Ol Chiki
                               Saurashtra
                               Kayah Li
                               Rejang
                               Cham
                               Ancient Symbols
                               Phaistos Disc
                               Carian
                               Domino Tiles)
vendor            =ADBO
selection         =0040       (REGULAR)
firstChar         =U+0000
lastChar          =U+FFFF
TypoAscender =880
TypoDescender=-120
TypoLineGap  =0
windowsAscent     =880
windowsDescent    =120
codePageRange1    =e03f01ff   (Latin 1 (1252)
                               Latin 2: Eastern Europe (1250)
                               Cyrillic (1251)
                               Greek (1253)
                               Turkish (1254)
                               Hebrew (1255)
                               Arabic (1256)
                               Windows Baltic (1257)
                               Vietnamese
                               Thai (874)
                               JIS/Japan (932)
                               Chinese: Simplified (936)
                               Korean Wansung (949)
                               Chinese: Traditional (950)
                               Korean Johab (1361)
                               Macintosh Character Set (US Roman)
                               OEM Character Set
                               Symbol Character Set)
codePageRange2    =ffff0000   (IBM Greek (869)
                               MS-DOS Russian (866)
                               MS-DOS Nordic (865)
                               Arabic (864)
                               MS-DOS Canadian French (863)
                               Hebrew (862)
                               MS-DOS Icelandic (861)
                               MS-DOS Portuguese (860)
                               IBM Turkish (857)
                               IBM Cyrillic; primarily Russian (855)
                               Latin 2 (852)
                               MS-DOS Baltic (775)
                               Greek; former 437 G (737)
                               Arabic; ASMO 708 (708)
                               WE/Latin 1 (850)
                               US (437))
xHeight           =0
capHeight         =0
defaultChar       =U+0000
breakChar         =U+0020
maxContext        =0
