### [name] (000007c8)
format      =0
count       =20
stringOffset=00f6
--- record[index]={platformId,scriptId,languageId,nameId,length,offset}
[ 0]={ 3, 1, 409,   0, 224,0000} 
[ 1]={ 3, 1, 409,   1,  42,00e0} 
[ 2]={ 3, 1, 409,   2,  14,010a} 
[ 3]={ 3, 1, 409,   3,  72,0118} 
[ 4]={ 3, 1, 409,   4,  42,00e0} 
[ 5]={ 3, 1, 409,   5, 112,0160} 
[ 6]={ 3, 1, 409,   6,  38,01d0} 
[ 7]={ 3, 1, 409,   7, 192,01f6} 
[ 8]={ 3, 1, 409,   8,  52,02b6} 
[ 9]={ 3, 1, 409,   9,  24,02ea} 
[10]={ 3, 1, 409,  11,  50,0302} 
[11]={ 3, 1, 409,  13, 800,0334} 
[12]={ 3, 1, 409,  14,  52,0654} 
[13]={ 3, 1, 409,  16,  30,0688} 
[14]={ 3, 1, 409,  17,  10,06a6} 
[15]={ 3, 1, 409, 256,  24,06b0} 
[16]={ 3, 1, 409, 257,  20,06c8} 
[17]={ 3, 1, 409, 258,  22,06dc} 
[18]={ 3, 1, 409, 259,  22,06f2} 
[19]={ 3, 1, 409, 260,  18,0708} 
--- LangTag[index]={length,offset}
--- string[name string offset]=<string>
--- string[lang tag string offset]=<string>
