%!FontType1-1.1: SourceSansPro-Regular 2.20
%ADOt1write: (1.0.34)
%%BeginResource: font SourceSansPro-Regular
12 dict dup begin
/FontType 1 def
/FontName /SourceSansPro-Regular def
/FontInfo 8 dict dup begin
/version (2.20) def
/Notice (Source is a trademark of Adobe Systems Incorporated in the United States and/or other countries.) def
/Copyright (Copyright 2010, 2012, 2014 Adobe Systems Incorporated (http://www.adobe.com/), with Reserved Font Name 'Source'.) def
/FamilyName (Source Sans Pro) def
/UnderlinePosition -75 def
end def
/PaintType 0 def
/FontMatrix [0.001 0 0 0.001 0 0] def
/Encoding StandardEncoding def
/FontBBox {52 -12 565 660} def
end
%currentfile eexec dup /Private
15 dict dup begin
/-| {string currentfile exch readstring pop} def
/|- {def} def
/| {put} def
/BlueValues [-12 0 486 498 518 530 574 586 638 650 656 668 712 724] def
/OtherBlues [-217 -205] def
/BlueScale 0.0625 def
/BlueFuzz 0 def
/StdHW [67] def
/StdVW [84] def
/StemSnapH [67 78] def
/StemSnapV [84 95] def
/password 5839 def
/MinFeature {16 16} def
/OtherSubrs[{}{}{}{systemdict/internaldict known not{pop 3}{1183615869
systemdict/internaldict get exec dup/startlock known{/startlock get exec}{dup
/strtlck known{/strtlck get exec}{pop 3}ifelse}ifelse}ifelse}executeonly]def
/Subrs 5 array
dup 0 ## -| { 3 0 callother pop pop setcurrentpoint return } |
dup 1 ## -| { 0 1 callother return } |
dup 2 ## -| { 0 2 callother return } |
dup 3 ## -| { return } |
dup 4 ## -| { 3 1 3 callother pop callsubr return } |
def
put
dup /CharStrings
2 dict dup begin
/.notdef ## -| { 0 653 hsbw 0 58 hstem 600 60 hstem 89 65 vstem 498 67 vstem
 89 hmoveto 476 hlineto 660 vlineto -476 hlineto closepath 108 -602 rmoveto
 74 132 rlineto 54 103 rlineto 4 hlineto 52 -103 rlineto 73 -132 rlineto
 closepath -129 329 rmoveto -50 94 rlineto -66 119 rlineto 235 hlineto -66 -119 rlineto
 -49 -94 rlineto closepath -175 -277 rmoveto 462 vlineto 127 -232 rlineto
 closepath 217 -230 rmoveto -126 230 rlineto 126 232 rlineto closepath endchar
 } |-
/a ## -| { 0 504 hsbw 194 -12 rmoveto 61 0 54 32 46 38 rrcurveto 3 hlineto
 7 -58 rlineto 68 hlineto 298 vlineto 121 -50 79 -119 vhcurveto -78 0 -68 -34 -45 -29 rrcurveto
 32 -57 rlineto 38 26 51 26 56 0 rrcurveto 80 20 -60 -62 hvcurveto -207 -23 -91 -53 0 -106 rrcurveto
 -87 61 -51 81 vhcurveto closepath 24 66 rmoveto -48 -38 23 55 hvcurveto
 0 62 56 40 162 20 rrcurveto -135 vlineto -47 -42 -38 -23 -47 0 rrcurveto
 closepath endchar } |-
end put
end
dup /FontName get exch definefont pop
mark
%currentfile closefile
0000000000000000000000000000000000000000000000000000000000000000
0000000000000000000000000000000000000000000000000000000000000000
0000000000000000000000000000000000000000000000000000000000000000
0000000000000000000000000000000000000000000000000000000000000000
0000000000000000000000000000000000000000000000000000000000000000
0000000000000000000000000000000000000000000000000000000000000000
0000000000000000000000000000000000000000000000000000000000000000
0000000000000000000000000000000000000000000000000000000000000000
cleartomark
%%EndResource
%%EOF
